2021-07-28-12-13-29 - test01.py - test01 - test01 - 20 - INFO - 正在执行调用执行数据：{'path': '/api/v1/goods', 'method': 'post', 'headers': 'Content-Type: application/json', 'param_type': 'json', 'params': '{\n"goodsname": "《selenium 入门到精通》",\n"goodscode": "sp_100022",\n"merchantid": "10001",\n"merchantname": "小小",\n"goodsprice": 49.9,\n"stock": 100,\n"goodsgroupid": 0,\n"goodsstatus": 1,\n"price": 21.0\n}', 'expect': '状态码200\ncode 0', 'x_y': [2, 12]}
2021-07-28-12-13-29 - api.py - api - run_method - 56 - INFO - 正在调用运行接口方法。。。
2021-07-28-12-13-29 - api.py - api - _post - 35 - INFO - 正在调用post请求方法。。。
2021-07-28-12-13-31 - test01.py - test01 - test01 - 20 - INFO - 正在执行调用执行数据：{'path': '/api/v1/goods', 'method': 'post', 'headers': 'Content-Type: application/json', 'param_type': 'json', 'params': '{\n"goodsname": "《selenium 入门到精通01》",\n"goodscode": "",\n"merchantid": "10001",\n"merchantname": "小小捉虫师",\n"goodsprice": 49.9,\n"stock": 100,\n"goodsgroupid": 0,\n"goodsstatus": 1,\n"price": 21.0\n}', 'expect': '"code":2000,\n"msg":"缺少必填项goodscode",\n"data":{}', 'x_y': [3, 12]}
2021-07-28-12-13-31 - api.py - api - run_method - 56 - INFO - 正在调用运行接口方法。。。
2021-07-28-12-13-31 - api.py - api - _post - 35 - INFO - 正在调用post请求方法。。。
2021-07-28-12-13-31 - test01.py - test01 - test01 - 20 - INFO - 正在执行调用执行数据：{'path': '/api/v1/goods', 'method': 'post', 'headers': 'Content-Type: application/json', 'param_type': 'json', 'params': '{\n"goodsname": "《selenium 入门到精通》",\n"merchantid": "10001",\n"merchantname": "悠悠学堂 ",\n"goodsprice": 49.9,\n"stock": 100,\n"goodsgroupid": 0,\n"goodsstatus": 1,\n"price": 21.0\n}', 'expect': '"code":2000,\n"msg":"缺少必填项goodscode",\n"data":{}', 'x_y': [4, 12]}
2021-07-28-12-13-31 - api.py - api - run_method - 56 - INFO - 正在调用运行接口方法。。。
2021-07-28-12-13-31 - api.py - api - _post - 35 - INFO - 正在调用post请求方法。。。
